 TML widget gallery   ready   ⠋                tab moves, enter or click activates, q quits 
                                                                                            
 ────────────────────────────────────────────────────────────────────────────────────────── 
                                                                                            
 ╔══════════╗ ╭──────╮ ╭───────╮                                                            
 ║ Controls ║ │ Data │ │ Media │                                                            
 ╚══════════╝ ╰──────╯ ╰───────╯                                                            
                                                                                            
 ┌ Controls ────────────────────────╭ Confirm ────────╮───────────────────────────────────┐ 
 │ sched                       [x] N│ Really quit?    │                                   │ 
 │                                  │                 │                                   │ 
 │ ( ) Small  (•) Medium  ( ) Large │ ╭─────╮  ╭────╮ │                                   │ 
 │                                  │ │ Yes │  │ No │ │                                   │ 
 │ ████████████████░░░░░░░░░  62%  ▂│ ╰─────╯  ╰────╯ │                                   │ 
 └──────────────────────────────────╰─────────────────╯───────────────────────────────────┘ 
                                                                                            
                                                                                            
                                                                                            
                                                                                            
                                                                                            
                                                                                            
 ╭──────╮  ╭──────╮  ╭────────╮                                                             
 │ Save │  │ Quit │  │ Locked │                                                             
 ╰──────╯  ╰──────╯  ╰────────╯                                                             