 TML widget gallery   ready   ⠋                tab moves, enter or click activates, q quits 
                                                                                            
 ────────────────────────────────────────────────────────────────────────────────────────── 
                                                                                            
 ╔══════════╗ ╭──────╮ ╭───────╮                                                            
 ║ Controls ║ │ Data │ │ Media │                                                            
 ╚══════════╝ ╰──────╯ ╰───────╯                                                            
                                                                                            
 ┌ Controls ──────────────────────────────────────────────────────────────────────────────┐ 
 │ sched                       [x] Notify me                                              │ 
 │                                                                                        │ 
 │ ( ) Small  (•) Medium  ( ) Large                                                       │ 
 │                                                                                        │ 
 │ ████████████████░░░░░░░░░  62%  ▂▄▃▇▅█▄▆▄█▅▃                                           │ 
 └────────────────────────────────────────────────────────────────────────────────────────┘ 
                                                                                            
                                                                                            
                                                                                            
                                                                                            
                                                                                            
                                                                                            
 ╭──────╮  ╭──────╮  ╭────────╮                                                             
 │ Save │  │ Quit │  │ Locked │                                                             
 ╰──────╯  ╰──────╯  ╰────────╯                                                             