 TML widget gallery   ready   ⠋                tab moves, enter or click activates, q quits 
                                                                                            
 ────────────────────────────────────────────────────────────────────────────────────────── 
                                                                                            
 ╔══════════╗ ╭──────╮ ╭───────╮                                                            
 ║ Controls ║ │ Data │ │ Media │                                                            
 ╚══════════╝ ╰──────╯ ╰───────╯                                                            
                                                                                            
 ┌ Controls ──────────────────────────────────────────────────────────────────────────────┐ 
 │ sched                       [x] N╭ Confirm ────────╮                                   │ 
 │                                  │ Really quit?    │                                   │ 
 │ ( ) Small  (•) Medium  ( ) Large │                 │                                   │ 
 │                                  │ ╭─────╮  ╭────╮ │                                   │ 
 │ ████████████████░░░░░░░░░  62%  ▂│ │ Yes │  │ No │ │                                   │ 
 └──────────────────────────────────│ ╰─────╯  ╰────╯ │───────────────────────────────────┘ 
                                    ╰─────────────────╯                                     
                                                                                            
                                                                                            
                                                                                            
                                                                                            
                                                                                            
                                                                                            
                                                                                            
 ╭──────╮  ╭──────╮  ╭────────╮                                                             
 │ Save │  │ Quit │  │ Locked │                                                             
 ╰──────╯  ╰──────╯  ╰────────╯                                                             