 tml agent   mockingbird-1   ⠋                                        $0.01  ░░░░░░░░░░░░░░░░░░ 
                                                                                                
 ────────────────────────────────────────────────────────────────────────────────────────────── 
                                                                                                
 ┌ Context ─────────┐  ┌ Session ─────────────────────────────────────────────────────────────┐ 
 │   cmd/report.go  │  │  tml It writes the table straight to stdout, so the flag has to    │ │ 
 │ > report/table.… │  │      pick the encoder rather than post-process the text.           │ │ 
 │   report/json.go │  │                                                                    │ │ 
 │   report/report… │  │                                                                    │ │ 
 │                  │  │ ┌ cmd/report.go ──────────────────────────────────────────────────┐│ │ 
 │                  │  │ │ @@ -18,6 +18,10 @@ func newReportCmd() *cobra.Command {         ││ │ 
 │                  │  │ │      cmd.Flags().StringVar(&out, "out", "", "write to a file")  │█ │ 
 │                  │  │ │ +    cmd.Flags().BoolVar(&asJSON, "json", false, "write the     │█ │ 
 │                  │  │ │ report as JSON")                                                │█ │ 
 │                  │  │ │                                                                 │█ │ 
 │                  │  │ │      return cmd                                                 │█ │ 
 │                  │  │ │ @@ -41,7 +45,11 @@ func run(cmd *cobra.Command, args []string)  │█ │ 
 │                  │  │ │ error {                                                         │█ │ 
 │                  │  │ │ -    return table.Write(os.Stdout, rows)                        │█ │ 
 │                  │  │ │ +    if asJSON {                                                │█ │ 
 │                  │  │ │ +        return json.NewEncoder(os.Stdout).Encode(rows)         │█ │ 
 │                  │  │ │ +    }                                                          │█ │ 
 │                  │  │ └─────────────────────────────────────────────────────────────────┘█ │ 
 └──────────────────┘  └──────────────────────────────────────────────────────────────────────┘ 
                                                                                                
                                                                                       ╭──────╮ 
 ask for a change, or press space to step the script                                   │ Send │ 
                                                                                       ╰──────╯ 
                                                                                                
 editing                                       space steps, tab moves, enter activates, q quits 