[1;4;4mD[m[1;4;4me[m[1;4;4mp[m[1;4;4ml[m[1;4;4mo[m[1;4;4my[m[1;4;4mm[m[1;4;4me[m[1;4;4mn[m[1;4;4mt[m[1;4;4ms[m                             
                                        
╭──────────────────────────────────────╮
│ [1mDeploy[m                               │
│ Ready to ship.                       │
│ ┌────────┐ ┌────┐                    │
│ │ Cancel │ │ OK │                    │
│ └────────┘ └────┘                    │
╰──────────────────────────────────────╯
                                        
╭────────────╮                          
│ [1mRollback[m   │                          
│ [2mno actions[m │                          
╰────────────╯                          
                                        
[2m0. api[m                                  
                                        
[2m1. web[m                                  
                                        
                                        