App
  Stack gap="1" orientation="vertical"
    Text style="heading"
      "Deployments"
    Box style="card" width="*"
      Stack orientation="vertical"
        Text style="card.title"
          "Deploy"
        Text
          "Ready to ship."
        Stack gap="1" orientation="horizontal"
          Text style="button"
            "Cancel"
          Text style="button"
            "OK"
    Box style="card" width="auto"
      Stack orientation="vertical"
        Text style="card.title"
          "Rollback"
        Text style="muted"
          "no actions"
    Text style="muted"
      "0. api"
    Text style="muted"
      "1. web"
